1724931915544:find æg
1724931948472:valg 1112 100
1724931962703:valg 1112 150
1724932014114:find kidneybønne
1724932029632:valg 1243 200
1735380999045:find soja
1735381007547:valg 913 75
1735381126208:exit
1735381153118:valg 913 75
1735456429334:help
1735468577441:exit
1735468619001:find soja
1735468638583:valg 1240 100
1735468651629:find bønner
1735468688684:valg 1242 100
1735468888382:valg 50 100
1735468912060:find soja
1735468951080:fullness
1735469020047:skriv forsog
1735469104485:se
1735469132664:find soja
1735469150958:valg 913 100
1735494387475:find kalv
1735494405567:valg 579 200
1735494430714:fjernalt
1735494433626:valg 579 200
1735494512750:find perlebyg
1735494523428:valg 1167 200
1735494547568:valg 1167 100
1735494580583:find oliven
1735494588181:valg 1020 5
1735494595724:valg 1020 15
1735494606452:valg 1020 20
1735494620763:justertil 500
1735495290019:valg 1167 100
1735495342694:valg 1167 66
1735549041781:find bønner
1735549128125:exit
1735549152256:find bønner
1735551225496:exit
1735551241492:find bønner
1735551398376:exit
1735551412424:find bønner
1735551447061:exit
1735551459508:find bønner
1735551812795:exit
